// Jest Snapshot v1, https://goo.gl/fbAQLP

exports[`Newsfeed view view should render 1`] = `
"<div class=\\"newsfeed-container\\">
  <h2>Newsfeed</h2>
  <div class=\\"post-container\\">
    <div class=\\"card-container public-post\\">
      <div class=\\"public-post-top\\">
        <div class=\\"public-post-top__name\\">
          <div class=\\"icon-container\\">
            <p>CR</p>
          </div>
          <p>Chris Redfield</p>
        </div>
        <div class=\\"public-post-top__date\\">
          <p>2 hours ago</p>
        </div>
      </div>
      <p class=\\"public-post__content\\">Scientists have discovered a population of neurons that control hibernation-like behavior, or torpor, in mice</p>
      <div class=\\"reacts\\"><span class=\\"react-entity\\"><svg class=\\"MuiSvgIcon-root MuiSvgIcon-colorSecondary\\" focusable=\\"false\\" viewBox=\\"0 0 24 24\\" aria-hidden=\\"true\\"><path d=\\"M1 21h4V9H1v12zm22-11c0-1.1-.9-2-2-2h-6.31l.95-4.57.03-.32c0-.41-.17-.79-.44-1.06L14.17 1 7.59 7.59C7.22 7.95 7 8.45 7 9v10c0 1.1.9 2 2 2h9c.83 0 1.54-.5 1.84-1.22l3.02-7.05c.09-.23.14-.47.14-.73v-2z\\"></path></svg><p>12</p></span><span class=\\"react-entity\\"><svg class=\\"MuiSvgIcon-root MuiSvgIcon-colorSecondary\\" focusable=\\"false\\" viewBox=\\"0 0 24 24\\" aria-hidden=\\"true\\"><path d=\\"M11.99 2C6.47 2 2 6.48 2 12s4.47 10 9.99 10C17.52 22 22 17.52 22 12S17.52 2 11.99 2zM12 20c-4.42 0-8-3.58-8-8s3.58-8 8-8 8 3.58 8 8-3.58 8-8 8zm3.5-9c.83 0 1.5-.67 1.5-1.5S16.33 8 15.5 8 14 8.67 14 9.5s.67 1.5 1.5 1.5zm-7 0c.83 0 1.5-.67 1.5-1.5S9.33 8 8.5 8 7 8.67 7 9.5 7.67 11 8.5 11zm3.5 6.5c2.33 0 4.31-1.46 5.11-3.5H6.89c.8 2.04 2.78 3.5 5.11 3.5z\\"></path></svg><p>0</p></span><span class=\\"react-entity\\"><svg class=\\"MuiSvgIcon-root MuiSvgIcon-colorSecondary\\" focusable=\\"false\\" viewBox=\\"0 0 24 24\\" aria-hidden=\\"true\\"><path d=\\"M7 13c1.66 0 3-1.34 3-3S8.66 7 7 7s-3 1.34-3 3 1.34 3 3 3zm12-6h-8v7H3V5H1v15h2v-3h18v3h2v-9c0-2.21-1.79-4-4-4z\\"></path></svg><p>0</p></span><span class=\\"react-entity\\"><svg class=\\"MuiSvgIcon-root MuiSvgIcon-colorSecondary\\" focusable=\\"false\\" viewBox=\\"0 0 24 24\\" aria-hidden=\\"true\\"><circle cx=\\"15.5\\" cy=\\"9.5\\" r=\\"1.5\\"></circle><circle cx=\\"8.5\\" cy=\\"9.5\\" r=\\"1.5\\"></circle><path d=\\"M11.99 2C6.47 2 2 6.48 2 12s4.47 10 9.99 10C17.52 22 22 17.52 22 12S17.52 2 11.99 2zM12 20c-4.42 0-8-3.58-8-8s3.58-8 8-8 8 3.58 8 8-3.58 8-8 8zm0-6c-2.33 0-4.32 1.45-5.12 3.5h1.67c.69-1.19 1.97-2 3.45-2s2.75.81 3.45 2h1.67c-.8-2.05-2.79-3.5-5.12-3.5z\\"></path></svg><p>0</p></span><button class=\\"MuiButtonBase-root MuiIconButton-root MuiIconButton-colorPrimary\\" tabindex=\\"0\\" type=\\"button\\"><span class=\\"MuiIconButton-label\\"><svg class=\\"MuiSvgIcon-root\\" focusable=\\"false\\" viewBox=\\"0 0 24 24\\" aria-hidden=\\"true\\"><path d=\\"M1 21h4V9H1v12zm22-11c0-1.1-.9-2-2-2h-6.31l.95-4.57.03-.32c0-.41-.17-.79-.44-1.06L14.17 1 7.59 7.59C7.22 7.95 7 8.45 7 9v10c0 1.1.9 2 2 2h9c.83 0 1.54-.5 1.84-1.22l3.02-7.05c.09-.23.14-.47.14-.73v-2z\\"></path></svg></span><span class=\\"MuiTouchRipple-root\\"></span></button></div>
    </div>
  </div>
</div>"
`;

exports[`Newsfeed view view should show an error if the api call fails 1`] = `"<div class=\\"card-container\\">Failed to load posts <button class=\\"MuiButtonBase-root MuiButton-root MuiButton-outlined MuiButton-outlinedSecondary\\" tabindex=\\"0\\" type=\\"button\\"><span class=\\"MuiButton-label\\">Try Again</span><span class=\\"MuiTouchRipple-root\\"></span></button></div>"`;
