// Jest Snapshot v1, https://goo.gl/fbAQLP

exports[`PostForm should render when it is a private comopnent 1`] = `
"<div class=\\"card-container\\">
  <form>
    <div class=\\"MuiFormControl-root MuiTextField-root post__input MuiFormControl-fullWidth\\">
      <div class=\\"MuiInputBase-root MuiOutlinedInput-root MuiInputBase-fullWidth MuiInputBase-formControl\\"><input aria-invalid=\\"false\\" id=\\"postContent\\" placeholder=\\"Enter your post\\" type=\\"text\\" class=\\"MuiInputBase-input MuiOutlinedInput-input\\" value=\\"\\">
        <fieldset aria-hidden=\\"true\\" style=\\"padding-left: 8px;\\" class=\\"PrivateNotchedOutline-root-187 MuiOutlinedInput-notchedOutline\\">
          <legend class=\\"PrivateNotchedOutline-legend-188\\" style=\\"width: 0.01px;\\"><span>​</span></legend>
        </fieldset>
      </div>
    </div>
    <div class=\\"post-submission\\"><button class=\\"MuiButtonBase-root MuiButton-root MuiButton-contained post-submission__submit MuiButton-containedPrimary\\" tabindex=\\"0\\" type=\\"submit\\"><span class=\\"MuiButton-label\\">Submit</span><span class=\\"MuiTouchRipple-root\\"></span></button></div>
  </form>
</div>"
`;

exports[`PostForm should render when it is a public component 1`] = `
"<div class=\\"card-container\\">
  <form>
    <div class=\\"MuiFormControl-root MuiTextField-root post__input MuiFormControl-fullWidth\\">
      <div class=\\"MuiInputBase-root MuiOutlinedInput-root MuiInputBase-fullWidth MuiInputBase-formControl\\"><input aria-invalid=\\"false\\" id=\\"postContent\\" placeholder=\\"Enter your post\\" type=\\"text\\" class=\\"MuiInputBase-input MuiOutlinedInput-input\\" value=\\"\\">
        <fieldset aria-hidden=\\"true\\" style=\\"padding-left: 8px;\\" class=\\"PrivateNotchedOutline-root-39 MuiOutlinedInput-notchedOutline\\">
          <legend class=\\"PrivateNotchedOutline-legend-40\\" style=\\"width: 0.01px;\\"><span>​</span></legend>
        </fieldset>
      </div>
    </div>
    <div class=\\"post-submission\\"><label class=\\"MuiFormControlLabel-root post-submission__venting\\"><span class=\\"MuiButtonBase-root MuiIconButton-root PrivateSwitchBase-root-55 MuiCheckbox-root MuiCheckbox-colorSecondary MuiIconButton-colorSecondary\\" aria-disabled=\\"false\\"><span class=\\"MuiIconButton-label\\"><input class=\\"PrivateSwitchBase-input-58\\" type=\\"checkbox\\" data-indeterminate=\\"false\\" value=\\"\\"><svg class=\\"MuiSvgIcon-root\\" focusable=\\"false\\" viewBox=\\"0 0 24 24\\" aria-hidden=\\"true\\"><path d=\\"M19 5v14H5V5h14m0-2H5c-1.1 0-2 .9-2 2v14c0 1.1.9 2 2 2h14c1.1 0 2-.9 2-2V5c0-1.1-.9-2-2-2z\\"></path></svg></span><span class=\\"MuiTouchRipple-root\\"></span></span><span class=\\"MuiTypography-root MuiFormControlLabel-label MuiTypography-body1\\">I'm just venting</span></label><button class=\\"MuiButtonBase-root MuiButton-root MuiButton-contained post-submission__submit MuiButton-containedPrimary\\" tabindex=\\"0\\" type=\\"submit\\"><span class=\\"MuiButton-label\\">Submit</span><span class=\\"MuiTouchRipple-root\\"></span></button></div>
  </form>
</div>"
`;
