// Jest Snapshot v1, https://goo.gl/fbAQLP

exports[`renders learn react link 1`] = `
"<footer class=\\"app-footer\\">
  <p>Made as part of a coding challenge</p>
</footer>"
`;
